
<article class="maps_plugininfo">
  <h1>Maps 1.0-dev</h1>
  <section class="maps_syscheck">
    <h2>System Check<h2>
    <p class="xh_fail">PHP version ≥ 8.0.0: bad</p>
    <p class="xh_fail">CMSimple_XH version ≥ 1.7.0: bad</p>
    <p class="xh_fail">Plib_XH version ≥ 1.9: bad</p>
    <p class="xh_fail">./config/ is writable: bad</p>
    <p class="xh_fail">./css/ is writable: bad</p>
    <p class="xh_fail">./languages/ is writable: bad</p>
    <p class="xh_fail">vfs://root/ is writable: bad</p>
  </section>
</article>
