
<link rel="stylesheet" href="./leaflet/leaflet.css"  crossorigin="">
<script src="./leaflet/leaflet.js"  crossorigin=""></script>
