
<article class="maps_admin">
  <h1>Maps â€“ Administration</h1>
  <form method="get">
    <input type="hidden" name="selected" value="maps">
    <input type="hidden" name="admin" value="plugin_main">
    <ul>
      <li>
        <label>
          <input type="radio" name="maps_map" value="london" >
          <span>london</span>
        </label>
      </li>
    </ul>
    <p class="maps_controls">
      <button name="action" value="create">New</button>
      <button name="action" value="update">Edit</button>
      <button name="action" value="import">Import</button>
    </p>
  </form>
</article>
