
<script type="module" src="/maps.js?&amp;v=1.0-dev"></script>
<figure class="maps_map" data-maps-conf='{"tileUrl":"https://tile.openstreetmap.org/{z}/{x}/{y}.png","tileAttribution":"&copy; <a href=\"http://www.openstreetmap.org/copyright\">OpenStreetMap</a>","loadTiles":false,"latitude":-0.09,"longitude":51.505,"zoom":13,"maxZoom":19,"markers":[[51.505,-0.09,"some info",true]]}'>
  <figcaption>Map of London</figcaption>
  <div class="maps_map" style="width: 100%; aspect-ratio: 1/1"></div>
  <form method="post">
    <p>To display the map, tile images need to be fetched from a third-party server. Do you agree?</p>
    <button name="maps_agree" value="1">I agree!</button>
  </form>
</figure>
